
> eshwe@0.1.0 test
> node --test tests/*.test.cjs

✔ incorrect OTP attempts commit before error; fifth attempt locks even the correct code (485.756765ms)
✔ valid OTP is consumed once; expired OTP deletion commits (5.295744ms)
✔ forged payment signature cannot mutate a paid or pending order (2.658698ms)
✔ checkout and owner APIs reject unauthenticated/non-owner access and cross-account order reads (80.04144ms)
✔ old signed webhook event reconciles current provider capture and never downgrades payment (7.990712ms)
✔ empty cache snapshot does not masquerade as an empty catalogue or missing product (331.074817ms)
✔ category search URLs round-trip the category independently of the search text (99.926073ms)
✔ two-product reservation and capture commit atomically and replay only once (63.213718ms)
✔ ten customers racing one piece yield exactly one reservation and one gateway order (106.370134ms)
✔ same checkout key retries do not reserve or create a gateway order twice (10.189166ms)
✔ same customer cannot start a second active checkout across devices (3.599631ms)
✔ insufficient final line rolls back the whole reservation (0.884427ms)
✔ duplicate quantities are aggregated and unknown stock is unavailable (2.303093ms)
✔ expiry reconciles provider before releasing and repeated expiry does not inflate stock (4.343999ms)
✔ captured/authorized provider payments are protected when reservation expires (3.232457ms)
✔ provider outage keeps stock held; no unsafe release (1.491553ms)
✔ late capture after expiry and resale records money, flags fulfilment exception and refunds once (5.734491ms)
✔ old failed/authorized states never downgrade a capture; mismatched money is rejected (1.67714ms)
✔ a refund needs an explicit, once-only physical restock; dispatch blocked after refund (6.128198ms)
✔ unknown gateway-create outcome is never retried as a new charge/order (0.931516ms)
✔ capture removes purchased cart units once and preserves later additions and other products (2.639465ms)
✔ pending refund stays discoverable for reconciliation; processed refunds never downgrade (3.929384ms)
✔ a payment already fully refunded before reconciliation never consumes inventory (1.840449ms)
✔ late failed duplicate refund request cannot downgrade a concurrent processed refund (60.426471ms)
✔ admin can explicitly retry a confirmed failed refund with a new idempotent attempt (2.682174ms)
✔ PWA address edit preserves other web addresses and selected address (487.040011ms)
✔ two devices saving different addresses preserve both; same-address stale edit is rejected (109.280042ms)
✔ concurrent wishlist additions/removal do not overwrite unrelated items (102.000968ms)
✔ guest migration is once only, merges snapshots without doubling, and matches legacy SKU to ID (138.943477ms)
✔ cart edits from two devices and different accounts stay isolated (106.61527ms)
✔ missing, draft and deleted products become unavailable; stock caps displayed quantities (43.217963ms)
✔ interrupted guest migration belongs to first account and is never imported by the next customer (17.921751ms)
✔ wishlist migration retry cannot restore an item removed after successful import (156.197809ms)
✔ owner history includes paid orders beyond the newest 100 documents and legacy payment flags (82.603371ms)
✔ all-time totals cover more than 100 paid orders without double counting (185.251275ms)
✔ zero and small monthly revenue remain proportional instead of showing a minimum bar (19.836545ms)
✔ subscription errors are surfaced to the owner UI (100.023603ms)
✔ stale admin form cannot restore reserved/sold stock (3.859992ms)
✔ content-only admin save preserves stock and archive retains image history (4.993268ms)
✔ concurrent product creation enforces unique SKU and URL atomically (2.83974ms)
✔ legacy SKU/slug conflicts, stock tampering and SKU edits rejected (2.114396ms)
✔ receipt cache is account scoped and stores no receipt PII in browser storage (415.415992ms)
✔ partial refund uses original payment, exact paise and preserves stock; remaining balance can be refunded (11.361392ms)
✔ zero, negative, fractional paise, strings and excessive refunds never call the provider (0.886674ms)
✔ concurrent same-reference requests and later replays create one provider refund (10.2633ms)
✔ two admins with different references cannot both refund a stale displayed balance (1.518768ms)
✔ response loss retries the same body/key and cannot accept a second request meanwhile (2.038241ms)
✔ pending partial refund is polled by refund ID; a later processed event permits another amount (1.846623ms)
✔ second pending/failed partial refund is visible despite earlier processed money; old webhook cannot hide it (4.294875ms)
✔ processed webhook arriving before a failed HTTP response cannot be downgraded or counted twice (26.169731ms)
✔ legacy aggregate refund balances are retained when adding a new partial refund (2.29026ms)
✔ uncaptured orders and mismatched provider responses are rejected (0.991385ms)
✔ refund amount entry converts exact decimal rupees and rejects malformed values (99.511354ms)
✔ owner API enforces authorization, forwards amount and refunds the stored original payment only (71.107194ms)
ℹ tests 54
ℹ suites 0
ℹ pass 54
ℹ fail 0
ℹ cancelled 0
ℹ skipped 0
ℹ todo 0
ℹ duration_ms 3598.311315
