
> eshwe@0.1.0 test
> node --test tests/*.test.cjs

✔ incorrect OTP attempts commit before error; fifth attempt locks even the correct code (655.155271ms)
✔ valid OTP is consumed once; expired OTP deletion commits (3.711431ms)
✔ forged payment signature cannot mutate a paid or pending order (4.148695ms)
✔ checkout and owner APIs reject unauthenticated/non-owner access and cross-account order reads (48.658289ms)
✔ old signed webhook event reconciles current provider capture and never downgrades payment (8.984966ms)
✔ empty cache snapshot does not masquerade as an empty catalogue or missing product (232.93149ms)
✔ category search URLs round-trip the category independently of the search text (41.095928ms)
✔ two-product reservation and capture commit atomically and replay only once (56.354301ms)
✔ ten customers racing one piece yield exactly one reservation and one gateway order (10.832655ms)
✔ same checkout key retries do not reserve or create a gateway order twice (3.066462ms)
✔ same customer cannot start a second active checkout across devices (1.569363ms)
✔ insufficient final line rolls back the whole reservation (2.973121ms)
✔ duplicate quantities are aggregated and unknown stock is unavailable (3.532421ms)
✔ expiry reconciles provider before releasing and repeated expiry does not inflate stock (8.730154ms)
✔ captured/authorized provider payments are protected when reservation expires (3.312529ms)
✔ provider outage keeps stock held; no unsafe release (2.22593ms)
✔ late capture after expiry and resale records money, flags fulfilment exception and refunds once (7.13936ms)
✔ old failed/authorized states never downgrade a capture; mismatched money is rejected (2.884002ms)
✔ a refund needs an explicit, once-only physical restock; dispatch blocked after refund (9.029971ms)
✔ unknown gateway-create outcome is never retried as a new charge/order (0.865623ms)
✔ capture removes purchased cart units once and preserves later additions and other products (8.879889ms)
✔ pending refund stays discoverable for reconciliation; processed refunds never downgrade (6.641161ms)
✔ a payment already fully refunded before reconciliation never consumes inventory (2.36968ms)
✔ late failed duplicate refund request cannot downgrade a concurrent processed refund (129.322587ms)
✔ admin can explicitly retry a confirmed failed refund with a new idempotent attempt (2.604049ms)
✔ PWA address edit preserves other web addresses and selected address (236.831133ms)
✔ two devices saving different addresses preserve both; same-address stale edit is rejected (79.187011ms)
✔ concurrent wishlist additions/removal do not overwrite unrelated items (96.560494ms)
✔ guest migration is once only, merges snapshots without doubling, and matches legacy SKU to ID (88.60066ms)
✔ cart edits from two devices and different accounts stay isolated (73.629712ms)
✔ missing, draft and deleted products become unavailable; stock caps displayed quantities (25.425779ms)
✔ interrupted guest migration belongs to first account and is never imported by the next customer (11.558439ms)
✔ wishlist migration retry cannot restore an item removed after successful import (45.135083ms)
✔ add, quantity and remove render immediately while writes are held, and save in tap order (10.300822ms)
✔ an early listener echo never doubles an optimistic add (3.083599ms)
✔ delayed old snapshots cannot roll back a completed write (2.213879ms)
✔ newer remote changes, including payment removal at the same revision, survive a late save response (1.399098ms)
✔ failed favourite save rolls back only that edit, surfaces failure, and preserves other queued edits (6.263616ms)
✔ switching accounts stops queued writes and prevents old callbacks reaching the new session (1.369662ms)
✔ owner history includes paid orders beyond the newest 100 documents and legacy payment flags (78.645504ms)
✔ all-time totals cover more than 100 paid orders without double counting (178.149226ms)
✔ zero and small monthly revenue remain proportional instead of showing a minimum bar (14.174595ms)
✔ subscription errors are surfaced to the owner UI (36.846436ms)
✔ stale admin form cannot restore reserved/sold stock (3.206823ms)
✔ content-only admin save preserves stock and archive retains image history (2.903231ms)
✔ concurrent product creation enforces unique SKU and URL atomically (2.574847ms)
✔ legacy SKU/slug conflicts, stock tampering and SKU edits rejected (2.304477ms)
✔ receipt cache is account scoped and stores no receipt PII in browser storage (155.869409ms)
✔ partial refund uses original payment, exact paise and preserves stock; remaining balance can be refunded (8.957643ms)
✔ zero, negative, fractional paise, strings and excessive refunds never call the provider (1.220035ms)
✔ concurrent same-reference requests and later replays create one provider refund (10.521471ms)
✔ two admins with different references cannot both refund a stale displayed balance (1.962552ms)
✔ response loss retries the same body/key and cannot accept a second request meanwhile (1.935924ms)
✔ pending partial refund is polled by refund ID; a later processed event permits another amount (1.532219ms)
✔ second pending/failed partial refund is visible despite earlier processed money; old webhook cannot hide it (2.51965ms)
✔ processed webhook arriving before a failed HTTP response cannot be downgraded or counted twice (10.522949ms)
✔ legacy aggregate refund balances are retained when adding a new partial refund (9.195027ms)
✔ uncaptured orders and mismatched provider responses are rejected (7.410017ms)
✔ refund amount entry converts exact decimal rupees and rejects malformed values (74.225185ms)
✔ owner API enforces authorization, forwards amount and refunds the stored original payment only (38.395483ms)
ℹ tests 60
ℹ suites 0
ℹ pass 60
ℹ fail 0
ℹ cancelled 0
ℹ skipped 0
ℹ todo 0
ℹ duration_ms 2651.16584
