[
  {
    "attempt": 1,
    "automaticRecovery": true,
    "manualRecovery": null,
    "body": "eshwe app\n\nOrders\n\nTrack the pieces you have already placed.\n\nNo orders yet\n\nOnce you place an order from checkout, it will appear here.\n\nStart shopping\nContact\nTerms\nPrivacy\nShipping & Returns\n\n© 2026 eshwe Saree Studio\n\n1\nHome\nCategories\nWishlist\nAccount"
  },
  {
    "attempt": 2,
    "automaticRecovery": true,
    "manualRecovery": null,
    "body": "eshwe app\n\nOrders\n\nTrack the pieces you have already placed.\n\nSign in to see your orders\n\nYour bag, wishlist, and orders sync with your signed-in account.\n\nCHECKING SESSION\nContact\nTerms\nPrivacy\nShipping & Returns\n\n© 2026 eshwe Saree Studio\n\nHome\nCategories\nWishlist\nAccount"
  },
  {
    "attempt": 3,
    "automaticRecovery": true,
    "manualRecovery": null,
    "body": "eshwe app\n\nOrders\n\nTrack the pieces you have already placed.\n\nNo orders yet\n\nOnce you place an order from checkout, it will appear here.\n\nStart shopping\nContact\nTerms\nPrivacy\nShipping & Returns\n\n© 2026 eshwe Saree Studio\n\nHome\nCategories\nWishlist\nAccount"
  }
]
