
> eshwe@0.1.0 test
> node --test tests/*.test.cjs

✔ incorrect OTP attempts commit before error; fifth attempt locks even the correct code (303.943604ms)
✔ valid OTP is consumed once; expired OTP deletion commits (6.625348ms)
✔ forged payment signature cannot mutate a paid or pending order (2.556973ms)
✔ checkout and owner APIs reject unauthenticated/non-owner access and cross-account order reads (63.595479ms)
✔ old signed webhook event reconciles current provider capture and never downgrades payment (5.418931ms)
✔ empty cache snapshot does not masquerade as an empty catalogue or missing product (332.682798ms)
✔ category search URLs round-trip the category independently of the search text (110.864014ms)
✔ two-product reservation and capture commit atomically and replay only once (43.938983ms)
✔ ten customers racing one piece yield exactly one reservation and one gateway order (10.910584ms)
✔ same checkout key retries do not reserve or create a gateway order twice (1.533375ms)
✔ same customer cannot start a second active checkout across devices (1.542213ms)
✔ insufficient final line rolls back the whole reservation (0.551959ms)
✔ duplicate quantities are aggregated and unknown stock is unavailable (1.041267ms)
✔ expiry reconciles provider before releasing and repeated expiry does not inflate stock (1.778744ms)
✔ captured/authorized provider payments are protected when reservation expires (7.150117ms)
✔ provider outage keeps stock held; no unsafe release (2.263592ms)
✔ late capture after expiry and resale records money, flags fulfilment exception and refunds once (4.395261ms)
✔ old failed/authorized states never downgrade a capture; mismatched money is rejected (1.754649ms)
✔ a refund needs an explicit, once-only physical restock; dispatch blocked after refund (2.357392ms)
✔ unknown gateway-create outcome is never retried as a new charge/order (0.645521ms)
✔ capture removes purchased cart units once and preserves later additions and other products (4.489322ms)
✔ pending refund stays discoverable for reconciliation; processed refunds never downgrade (0.945981ms)
✔ a payment already fully refunded before reconciliation never consumes inventory (0.744039ms)
✔ late failed duplicate refund request cannot downgrade a concurrent processed refund (18.570261ms)
✔ admin can explicitly retry a confirmed failed refund with a new idempotent attempt (1.665896ms)
✔ PWA address edit preserves other web addresses and selected address (468.005935ms)
✔ two devices saving different addresses preserve both; same-address stale edit is rejected (129.239739ms)
✔ concurrent wishlist additions/removal do not overwrite unrelated items (83.270639ms)
✔ guest migration is once only, merges snapshots without doubling, and matches legacy SKU to ID (56.393212ms)
✔ cart edits from two devices and different accounts stay isolated (69.660587ms)
✔ missing, draft and deleted products become unavailable; stock caps displayed quantities (26.744144ms)
✔ interrupted guest migration belongs to first account and is never imported by the next customer (15.906356ms)
✔ wishlist migration retry cannot restore an item removed after successful import (52.179453ms)
✔ owner history includes paid orders beyond the newest 100 documents and legacy payment flags (57.947612ms)
✔ all-time totals cover more than 100 paid orders without double counting (102.17481ms)
✔ zero and small monthly revenue remain proportional instead of showing a minimum bar (9.403954ms)
✔ subscription errors are surfaced to the owner UI (45.555935ms)
✔ stale admin form cannot restore reserved/sold stock (4.164823ms)
✔ content-only admin save preserves stock and archive retains image history (2.624439ms)
✔ concurrent product creation enforces unique SKU and URL atomically (2.840162ms)
✔ legacy SKU/slug conflicts, stock tampering and SKU edits rejected (1.980027ms)
✔ receipt cache is account scoped and stores no receipt PII in browser storage (228.248315ms)
✔ partial refund uses original payment, exact paise and preserves stock; remaining balance can be refunded (12.938341ms)
✔ zero, negative, fractional paise, strings and excessive refunds never call the provider (0.640306ms)
✔ concurrent same-reference requests and later replays create one provider refund (6.419949ms)
✔ two admins with different references cannot both refund a stale displayed balance (2.233992ms)
✔ response loss retries the same body/key and cannot accept a second request meanwhile (1.343487ms)
✔ pending partial refund is polled by refund ID; a later processed event permits another amount (0.861501ms)
✔ second pending/failed partial refund is visible despite earlier processed money; old webhook cannot hide it (1.958361ms)
✔ processed webhook arriving before a failed HTTP response cannot be downgraded or counted twice (12.16818ms)
✔ legacy aggregate refund balances are retained when adding a new partial refund (1.123854ms)
✔ uncaptured orders and mismatched provider responses are rejected (1.519978ms)
✔ refund amount entry converts exact decimal rupees and rejects malformed values (74.654756ms)
✔ owner API enforces authorization, forwards amount and refunds the stored original payment only (47.047222ms)
ℹ tests 54
ℹ suites 0
ℹ pass 54
ℹ fail 0
ℹ cancelled 0
ℹ skipped 0
ℹ todo 0
ℹ duration_ms 2658.439319
