
> eshwe@0.1.0 test
> node --test tests/*.test.cjs

✔ incorrect OTP attempts commit before error; fifth attempt locks even the correct code (492.235574ms)
✔ valid OTP is consumed once; expired OTP deletion commits (7.427937ms)
✔ forged payment signature cannot mutate a paid or pending order (7.592044ms)
✔ checkout and owner APIs reject unauthenticated/non-owner access and cross-account order reads (68.52373ms)
✔ old signed webhook event reconciles current provider capture and never downgrades payment (7.91996ms)
✔ empty cache snapshot does not masquerade as an empty catalogue or missing product (498.501545ms)
✔ category search URLs round-trip the category independently of the search text (56.83202ms)
✔ two-product reservation and capture commit atomically and replay only once (93.454934ms)
✔ ten customers racing one piece yield exactly one reservation and one gateway order (45.916961ms)
✔ same checkout key retries do not reserve or create a gateway order twice (7.375947ms)
✔ same customer cannot start a second active checkout across devices (1.977979ms)
✔ insufficient final line rolls back the whole reservation (0.772973ms)
✔ duplicate quantities are aggregated and unknown stock is unavailable (6.511926ms)
✔ expiry reconciles provider before releasing and repeated expiry does not inflate stock (3.540736ms)
✔ captured/authorized provider payments are protected when reservation expires (3.507373ms)
✔ provider outage keeps stock held; no unsafe release (1.049252ms)
✔ late capture after expiry and resale records money, flags fulfilment exception and refunds once (8.111602ms)
✔ old failed/authorized states never downgrade a capture; mismatched money is rejected (2.386522ms)
✔ a refund needs an explicit, once-only physical restock; dispatch blocked after refund (3.738615ms)
✔ unknown gateway-create outcome is never retried as a new charge/order (1.104343ms)
✔ capture removes purchased cart units once and preserves later additions and other products (9.52296ms)
✔ pending refund stays discoverable for reconciliation; processed refunds never downgrade (2.002696ms)
✔ a payment already fully refunded before reconciliation never consumes inventory (1.466418ms)
✔ late failed duplicate refund request cannot downgrade a concurrent processed refund (40.174747ms)
✔ admin can explicitly retry a confirmed failed refund with a new idempotent attempt (5.822229ms)
✔ PWA address edit preserves other web addresses and selected address (517.77012ms)
✔ two devices saving different addresses preserve both; same-address stale edit is rejected (164.118271ms)
✔ concurrent wishlist additions/removal do not overwrite unrelated items (178.784732ms)
✔ guest migration is once only, merges snapshots without doubling, and matches legacy SKU to ID (107.205391ms)
✔ cart edits from two devices and different accounts stay isolated (167.933109ms)
✔ missing, draft and deleted products become unavailable; stock caps displayed quantities (34.55536ms)
✔ interrupted guest migration belongs to first account and is never imported by the next customer (27.718559ms)
✔ wishlist migration retry cannot restore an item removed after successful import (143.133199ms)
✔ add, quantity and remove render immediately while writes are held, and save in tap order (55.136745ms)
✔ an early listener echo never doubles an optimistic add (14.272378ms)
✔ delayed old snapshots cannot roll back a completed write (12.062572ms)
✔ newer remote changes, including payment removal at the same revision, survive a late save response (2.053541ms)
✔ failed favourite save rolls back only that edit, surfaces failure, and preserves other queued edits (3.433198ms)
✔ switching accounts stops queued writes and prevents old callbacks reaching the new session (1.217409ms)
✔ owner history includes paid orders beyond the newest 100 documents and legacy payment flags (103.869324ms)
✔ all-time totals cover more than 100 paid orders without double counting (190.008338ms)
✔ zero and small monthly revenue remain proportional instead of showing a minimum bar (15.465378ms)
✔ subscription errors are surfaced to the owner UI (55.553934ms)
✔ stale admin form cannot restore reserved/sold stock (10.216928ms)
✔ content-only admin save preserves stock and archive retains image history (3.778513ms)
✔ concurrent product creation enforces unique SKU and URL atomically (21.749414ms)
✔ legacy SKU/slug conflicts, stock tampering and SKU edits rejected (7.438451ms)
✔ PWA product visit preserves catalogue filters and scroll through a product reload (268.295333ms)
✔ related products retain the catalogue origin instead of returning to another product (67.065308ms)
✔ shared links and stale origins fall back to Browse at the top (47.839065ms)
✔ shopping return accepts only PWA browsing destinations and valid scroll positions (41.208395ms)
✔ a loading-shell remount retains the pending scroll until the catalogue is ready (74.952637ms)
✔ receipt cache is account scoped and stores no receipt PII in browser storage (357.557796ms)
✔ partial refund uses original payment, exact paise and preserves stock; remaining balance can be refunded (13.803103ms)
✔ zero, negative, fractional paise, strings and excessive refunds never call the provider (1.117861ms)
✔ concurrent same-reference requests and later replays create one provider refund (14.806717ms)
✔ two admins with different references cannot both refund a stale displayed balance (1.827863ms)
✔ response loss retries the same body/key and cannot accept a second request meanwhile (3.161528ms)
✔ pending partial refund is polled by refund ID; a later processed event permits another amount (2.013515ms)
✔ second pending/failed partial refund is visible despite earlier processed money; old webhook cannot hide it (6.217747ms)
✔ processed webhook arriving before a failed HTTP response cannot be downgraded or counted twice (26.648837ms)
✔ legacy aggregate refund balances are retained when adding a new partial refund (4.319278ms)
✔ uncaptured orders and mismatched provider responses are rejected (2.530463ms)
✔ refund amount entry converts exact decimal rupees and rejects malformed values (111.260631ms)
✔ owner API enforces authorization, forwards amount and refunds the stored original payment only (67.780635ms)
ℹ tests 65
ℹ suites 0
ℹ pass 65
ℹ fail 0
ℹ cancelled 0
ℹ skipped 0
ℹ todo 0
ℹ duration_ms 5433.549475
